// Jest Snapshot v1, https://goo.gl/fbAQLP

exports[`<App/> should match the snapshot 1`] = `
<div
  className="root"
>
  <p>
    Hi, Just some vague front end code.
  </p>
  <p>
    The Second Element for the FEBP
  </p>
  <div
    className="block__element--modifier"
  >
    A node for the Enzyme .exists() assertion.
  </div>
  <ul>
    <li>
      ONE ITEM
    </li>
    <li>
      TWO ITEM
    </li>
    <li>
      THREE ITEM
    </li>
  </ul>
  <div
    alt="logoishere"
  >
    There may or may not be a logo here.
  </div>
  <div
    className="button-state"
  >
    Unclicked.
  </div>
  <button
    onClick={[Function]}
  >
    ClickMe!
  </button>
  <div>
    <h2 />
    <input
      onChange={[Function]}
      type="text"
    />
  </div>
  <div>
    <span
      className="blue"
    >
      FirstColour
    </span>
  </div>
  <div>
    <span
      data-testid="lifeCycleMethod"
    >
      componentDidMount
    </span>
  </div>
  <Link
    address="https://engadget.com"
    hide={true}
  />
  <Test />
  <Form />
</div>
`;
